2026-09-01 08:23:47.729: [INFO] CurrentProfilePath: D:\picture-zip\edge-cdp\Default
2026-09-01 08:23:47.729: [INFO] Profiles total count: 1
2026-09-01 08:23:47.729: [INFO] Profile: name=用户配置 1 path=D:\picture-zip\edge-cdp\Default lastActive=null
2026-09-01 08:23:47.729: [INFO] LastUsedProfileDir: D:\picture-zip\edge-cdp\Default
2026-09-01 08:23:47.729: [INFO] VisibilityChanged: 0
2026-09-01 08:23:47.747: [INFO] RecordSyncInitDuration has_sync_been_enabled: 0 state: 0
2026-09-01 08:23:47.748: [INFO] RecordSyncInitDuration has_sync_been_enabled: 0 state: 0
2026-09-01 08:23:47.749: [INFO] RecordSyncInitDuration has_sync_been_enabled: 0 state: 0
2026-09-01 08:23:47.749: [INFO] RecordSyncInitDuration has_sync_been_enabled: 0 state: 0
2026-09-01 08:23:47.750: [INFO] RecordSyncInitDuration has_sync_been_enabled: 0 state: 0
2026-09-01 08:23:47.751: [INFO] RecordSyncInitDuration has_sync_been_enabled: 0 state: 0
2026-09-01 08:23:47.751: [INFO] RecordSyncInitDuration has_sync_been_enabled: 0 state: 0
2026-09-01 08:23:47.751: [INFO] RecordSyncInitDuration has_sync_been_enabled: 0 state: 0
2026-09-01 08:23:47.752: [INFO] RecordSyncInitDuration has_sync_been_enabled: 0 state: 0
2026-09-01 08:23:47.752: [INFO] RecordSyncInitDuration has_sync_been_enabled: 0 state: 0
2026-09-01 08:23:47.765: [INFO] OnDoneLoading sync enabled: 0
2026-09-01 08:23:47.765: [INFO] BookmarkModelLoaded, ids_reassigned: 0
2026-09-01 08:23:47.765: [INFO] BookmarksLoadDropped droppedNodes=0
2026-09-01 08:23:47.765: [INFO] BookmarksSnapshot Startup total=0 bar=0 other=0 mobile=0 showBar=0 showBarNTP=1
2026-09-01 08:23:47.785: [INFO] RecordSyncInitDuration has_sync_been_enabled: 0 state: 0
2026-09-01 08:23:48.102: [INFO] RecordSyncInitDuration has_sync_been_enabled: 0 state: 0
2026-09-01 08:23:48.104: [INFO] RecordSyncInitDuration has_sync_been_enabled: 0 state: 0
2026-09-01 08:23:48.105: [INFO] Primary account changed.
2026-09-01 08:23:48.105: [INFO] OnPrimaryAccountChanged PrimaryAccountChangeEvent::Type::kSet
2026-09-01 08:23:48.109: [INFO] RecordSyncInitDuration has_sync_been_enabled: 0 state: 0
2026-09-01 08:23:48.110: [INFO] RecordSyncInitDuration has_sync_been_enabled: 0 state: 0
