2026-09-01 08:34:54.000: [INFO] CurrentProfilePath: D:\picture-zip\edge-cdp2\Default
2026-09-01 08:34:54.000: [INFO] Profiles total count: 1
2026-09-01 08:34:54.000: [INFO] Profile: name=用户配置 1 path=D:\picture-zip\edge-cdp2\Default lastActive=null
2026-09-01 08:34:54.000: [INFO] LastUsedProfileDir: D:\picture-zip\edge-cdp2\Default
2026-09-01 08:34:54.000: [INFO] VisibilityChanged: 0
2026-09-01 08:34:54.026: [INFO] RecordSyncInitDuration has_sync_been_enabled: 0 state: 0
2026-09-01 08:34:54.027: [INFO] RecordSyncInitDuration has_sync_been_enabled: 0 state: 0
2026-09-01 08:34:54.027: [INFO] RecordSyncInitDuration has_sync_been_enabled: 0 state: 0
2026-09-01 08:34:54.028: [INFO] RecordSyncInitDuration has_sync_been_enabled: 0 state: 0
2026-09-01 08:34:54.028: [INFO] RecordSyncInitDuration has_sync_been_enabled: 0 state: 0
2026-09-01 08:34:54.029: [INFO] RecordSyncInitDuration has_sync_been_enabled: 0 state: 0
2026-09-01 08:34:54.029: [INFO] RecordSyncInitDuration has_sync_been_enabled: 0 state: 0
2026-09-01 08:34:54.030: [INFO] RecordSyncInitDuration has_sync_been_enabled: 0 state: 0
2026-09-01 08:34:54.031: [INFO] RecordSyncInitDuration has_sync_been_enabled: 0 state: 0
2026-09-01 08:34:54.032: [INFO] RecordSyncInitDuration has_sync_been_enabled: 0 state: 0
2026-09-01 08:34:54.045: [INFO] OnDoneLoading sync enabled: 0
2026-09-01 08:34:54.045: [INFO] BookmarkModelLoaded, ids_reassigned: 0
2026-09-01 08:34:54.045: [INFO] BookmarksLoadDropped droppedNodes=0
2026-09-01 08:34:54.045: [INFO] BookmarksSnapshot Startup total=0 bar=0 other=0 mobile=0 showBar=0 showBarNTP=1
2026-09-01 08:34:54.094: [INFO] RecordSyncInitDuration has_sync_been_enabled: 0 state: 0
2026-09-01 08:34:54.338: [INFO] RecordSyncInitDuration has_sync_been_enabled: 0 state: 0
2026-09-01 08:34:54.340: [INFO] RecordSyncInitDuration has_sync_been_enabled: 0 state: 0
2026-09-01 08:34:54.341: [INFO] Primary account changed.
2026-09-01 08:34:54.341: [INFO] OnPrimaryAccountChanged PrimaryAccountChangeEvent::Type::kSet
2026-09-01 08:34:54.345: [INFO] RecordSyncInitDuration has_sync_been_enabled: 0 state: 0
2026-09-01 08:34:54.347: [INFO] RecordSyncInitDuration has_sync_been_enabled: 0 state: 0
